read_token: no token available
parse_header: cannot read width
