parse_header: magic number does not check out, stop
