Error: '../input/white-whiteval.pgm' doesn't have identical header to '../input/white.pgm', stop
