failed to open './open-fail-not-so-simple.sh.tmp.3': fopen: Permission denied
