failed to open './open-fail-simple.sh.tmp': fopen: Permission denied
