Full image size will be 300x300, using 3 images
Unexpected EOF on file 0 at row 114; pgm input truncated? Stop.
